
> kodaflow-app@0.1.0 test
> vitest --run


[1m[46m RUN [49m[22m [36mv4.0.18 [39m[90mC:/Users/evang/OneDrive/Bureau/Projets/KodaFlow/kodaflow-app[39m

 [31mÔØ»[39m src/app/page.test.tsx [2m([22m[2m1 test[22m[2m | [22m[31m1 failed[39m[2m)[22m[33m 490[2mms[22m[39m
[31m     [31m├ù[31m renders heading[39m[33m 486[2mms[22m[39m
node.exe : 
Au caractère Ligne:1 : 1
+ & "C:\Program 
Files\nodejs/node.exe" "C
:\Users\evang\AppData\Roa
ming\ ...
+ ~~~~~~~~~~~~~~~~~~~~~~~
~~~~~~~~~~~~~~~~~~~~~~~~~
~~~~~~~~~~~~~~~~~~~~~
    + CategoryInfo       
       : NotSpecified:   
  (:String) [], Remote   
 Exception
    + FullyQualifiedErro 
   rId : NativeCommandE  
  rror
 
[31mÔÄ»ÔÄ»ÔÄ»ÔÄ»ÔÄ»ÔÄ»ÔÄ
»[39m[1m[41m Failed 
Tests 1 [49m[22m[31mÔÄ
»ÔÄ»ÔÄ»ÔÄ»ÔÄ»ÔÄ»ÔÄ»[39m

[41m[1m FAIL 
[22m[49m src/app/page.t
est.tsx[2m > 
[22mPage[2m > 
[22mrenders heading
{
  stack: 
'AggregateError: \n' +
    '    at 
aggregateErrors (C:\\User
s\\evang\\OneDrive\\Burea
u\\Projets\\KodaFlow\\kod
aflow-app\\node_modules\\
react\\cjs\\react.develop
ment.js:551:11)\n' +
    '    at process.env.N
ODE_ENV.exports.act (C:\\
Users\\evang\\OneDrive\\B
ureau\\Projets\\KodaFlow\
\kodaflow-app\\node_modul
es\\react\\cjs\\react.dev
elopment.js:897:24)\n' +
    '    at C:\\Users\\ev
ang\\OneDrive\\Bureau\\Pr
ojets\\KodaFlow\\kodaflow
-app\\node_modules\\@test
ing-library\\react\\dist\
\act-compat.js:46:25\n' +
    '    at renderRoot (C
:\\Users\\evang\\OneDrive
\\Bureau\\Projets\\KodaFl
ow\\kodaflow-app\\node_mo
dules\\@testing-library\\
react\\dist\\pure.js:189:
26)\n' +
    '    at render (C:\\U
sers\\evang\\OneDrive\\Bu
reau\\Projets\\KodaFlow\\
kodaflow-app\\node_module
s\\@testing-library\\reac
t\\dist\\pure.js:291:10)\
n' +
    '    at C:/Users/evan
g/OneDrive/Bureau/Projets
/KodaFlow/kodaflow-app/sr
c/app/page.test.tsx:7:3\n
' +
    '    at file:///C:/Us
ers/evang/OneDrive/Bureau
/Projets/KodaFlow/kodaflo
w-app/node_modules/@vites
t/runner/dist/index.js:14
5:11\n' +
    '    at file:///C:/Us
ers/evang/OneDrive/Bureau
/Projets/KodaFlow/kodaflo
w-app/node_modules/@vites
t/runner/dist/index.js:91
5:26\n' +
    '    at file:///C:/Us
ers/evang/OneDrive/Bureau
/Projets/KodaFlow/kodaflo
w-app/node_modules/@vites
t/runner/dist/index.js:12
43:20\n' +
    '    at new Promise 
(<anonymous>)',
  errors: [
    {
      stack: 
'ReferenceError: 
IntersectionObserver is 
not defined\n' +
        '    at 
initIntersectionObserver 
(file:///C:/Users/evang/O
neDrive/Bureau/Projets/Ko
daFlow/kodaflow-app/node_
modules/framer-motion/dis
t/es/motion/features/view
port/observers.mjs:35:34)
\n' +
        '    at 
observeIntersection (file
:///C:/Users/evang/OneDri
ve/Bureau/Projets/KodaFlo
w/kodaflow-app/node_modul
es/framer-motion/dist/es/
motion/features/viewport/
observers.mjs:40:39)\n' +
        '    at InViewFea
ture.startObserver (file:
///C:/Users/evang/OneDriv
e/Bureau/Projets/KodaFlow
/kodaflow-app/node_module
s/framer-motion/dist/es/m
otion/features/viewport/i
ndex.mjs:52:16)\n' +
        '    at 
InViewFeature.mount (file
:///C:/Users/evang/OneDri
ve/Bureau/Projets/KodaFlo
w/kodaflow-app/node_modul
es/framer-motion/dist/es/
motion/features/viewport/
index.mjs:55:14)\n' +
        '    at HTMLVisua
lElement.updateFeatures (
file:///C:/Users/evang/On
eDrive/Bureau/Projets/Kod
aFlow/kodaflow-app/node_m
odules/motion-dom/dist/es
/render/VisualElement.mjs
:319:29)\n' +
        '    at file:///C
:/Users/evang/OneDrive/Bu
reau/Projets/KodaFlow/kod
aflow-app/node_modules/fr
amer-motion/dist/es/motio
n/utils/use-visual-elemen
t.mjs:94:23\n' +
        '    at Object.re
act_stack_bottom_frame (C
:\\Users\\evang\\OneDrive
\\Bureau\\Projets\\KodaFl
ow\\kodaflow-app\\node_mo
dules\\react-dom\\cjs\\re
act-dom-client.developmen
t.js:25989:20)\n' +
        '    at 
runWithFiberInDEV (C:\\Us
ers\\evang\\OneDrive\\Bur
eau\\Projets\\KodaFlow\\k
odaflow-app\\node_modules
\\react-dom\\cjs\\react-d
om-client.development.js:
874:13)\n' +
        '    at commitHoo
kEffectListMount (C:\\Use
rs\\evang\\OneDrive\\Bure
au\\Projets\\KodaFlow\\ko
daflow-app\\node_modules\
\react-dom\\cjs\\react-do
m-client.development.js:1
3249:29)\n' +
        '    at 
commitHookLayoutEffects (
C:\\Users\\evang\\OneDriv
e\\Bureau\\Projets\\KodaF
low\\kodaflow-app\\node_m
odules\\react-dom\\cjs\\r
eact-dom-client.developme
nt.js:13213:11)',
      message: 
'IntersectionObserver is 
not defined',
      constructor: 'Funct
ion<ReferenceError>',
      name: 
'ReferenceError',
      toString: 
'Function<toString>'
    },
    {
      stack: 
'ReferenceError: 
IntersectionObserver is 
not defined\n' +
        '    at 
initIntersectionObserver 
(file:///C:/Users/evang/O
neDrive/Bureau/Projets/Ko
daFlow/kodaflow-app/node_
modules/framer-motion/dis
t/es/motion/features/view
port/observers.mjs:35:34)
\n' +
        '    at 
observeIntersection (file
:///C:/Users/evang/OneDri
ve/Bureau/Projets/KodaFlo
w/kodaflow-app/node_modul
es/framer-motion/dist/es/
motion/features/viewport/
observers.mjs:40:39)\n' +
        '    at InViewFea
ture.startObserver (file:
///C:/Users/evang/OneDriv
e/Bureau/Projets/KodaFlow
/kodaflow-app/node_module
s/framer-motion/dist/es/m
otion/features/viewport/i
ndex.mjs:52:16)\n' +
        '    at 
InViewFeature.mount (file
:///C:/Users/evang/OneDri
ve/Bureau/Projets/KodaFlo
w/kodaflow-app/node_modul
es/framer-motion/dist/es/
motion/features/viewport/
index.mjs:55:14)\n' +
        '    at HTMLVisua
lElement.updateFeatures (
file:///C:/Users/evang/On
eDrive/Bureau/Projets/Kod
aFlow/kodaflow-app/node_m
odules/motion-dom/dist/es
/render/VisualElement.mjs
:319:29)\n' +
        '    at file:///C
:/Users/evang/OneDrive/Bu
reau/Projets/KodaFlow/kod
aflow-app/node_modules/fr
amer-motion/dist/es/motio
n/utils/use-visual-elemen
t.mjs:94:23\n' +
        '    at Object.re
act_stack_bottom_frame (C
:\\Users\\evang\\OneDrive
\\Bureau\\Projets\\KodaFl
ow\\kodaflow-app\\node_mo
dules\\react-dom\\cjs\\re
act-dom-client.developmen
t.js:25989:20)\n' +
        '    at 
runWithFiberInDEV (C:\\Us
ers\\evang\\OneDrive\\Bur
eau\\Projets\\KodaFlow\\k
odaflow-app\\node_modules
\\react-dom\\cjs\\react-d
om-client.development.js:
874:13)\n' +
        '    at commitHoo
kEffectListMount (C:\\Use
rs\\evang\\OneDrive\\Bure
au\\Projets\\KodaFlow\\ko
daflow-app\\node_modules\
\react-dom\\cjs\\react-do
m-client.development.js:1
3249:29)\n' +
        '    at 
commitHookLayoutEffects (
C:\\Users\\evang\\OneDriv
e\\Bureau\\Projets\\KodaF
low\\kodaflow-app\\node_m
odules\\react-dom\\cjs\\r
eact-dom-client.developme
nt.js:13213:11)',
      message: 
'IntersectionObserver is 
not defined',
      constructor: 'Funct
ion<ReferenceError>',
      name: 
'ReferenceError',
      toString: 
'Function<toString>'
    },
    {
      stack: 
'ReferenceError: 
IntersectionObserver is 
not defined\n' +
        '    at 
initIntersectionObserver 
(file:///C:/Users/evang/O
neDrive/Bureau/Projets/Ko
daFlow/kodaflow-app/node_
modules/framer-motion/dis
t/es/motion/features/view
port/observers.mjs:35:34)
\n' +
        '    at 
observeIntersection (file
:///C:/Users/evang/OneDri
ve/Bureau/Projets/KodaFlo
w/kodaflow-app/node_modul
es/framer-motion/dist/es/
motion/features/viewport/
observers.mjs:40:39)\n' +
        '    at InViewFea
ture.startObserver (file:
///C:/Users/evang/OneDriv
e/Bureau/Projets/KodaFlow
/kodaflow-app/node_module
s/framer-motion/dist/es/m
otion/features/viewport/i
ndex.mjs:52:16)\n' +
        '    at 
InViewFeature.mount (file
:///C:/Users/evang/OneDri
ve/Bureau/Projets/KodaFlo
w/kodaflow-app/node_modul
es/framer-motion/dist/es/
motion/features/viewport/
index.mjs:55:14)\n' +
        '    at HTMLVisua
lElement.updateFeatures (
file:///C:/Users/evang/On
eDrive/Bureau/Projets/Kod
aFlow/kodaflow-app/node_m
odules/motion-dom/dist/es
/render/VisualElement.mjs
:319:29)\n' +
        '    at file:///C
:/Users/evang/OneDrive/Bu
reau/Projets/KodaFlow/kod
aflow-app/node_modules/fr
amer-motion/dist/es/motio
n/utils/use-visual-elemen
t.mjs:94:23\n' +
        '    at Object.re
act_stack_bottom_frame (C
:\\Users\\evang\\OneDrive
\\Bureau\\Projets\\KodaFl
ow\\kodaflow-app\\node_mo
dules\\react-dom\\cjs\\re
act-dom-client.developmen
t.js:25989:20)\n' +
        '    at 
runWithFiberInDEV (C:\\Us
ers\\evang\\OneDrive\\Bur
eau\\Projets\\KodaFlow\\k
odaflow-app\\node_modules
\\react-dom\\cjs\\react-d
om-client.development.js:
874:13)\n' +
        '    at commitHoo
kEffectListMount (C:\\Use
rs\\evang\\OneDrive\\Bure
au\\Projets\\KodaFlow\\ko
daflow-app\\node_modules\
\react-dom\\cjs\\react-do
m-client.development.js:1
3249:29)\n' +
        '    at 
commitHookLayoutEffects (
C:\\Users\\evang\\OneDriv
e\\Bureau\\Projets\\KodaF
low\\kodaflow-app\\node_m
odules\\react-dom\\cjs\\r
eact-dom-client.developme
nt.js:13213:11)',
      message: 
'IntersectionObserver is 
not defined',
      constructor: 'Funct
ion<ReferenceError>',
      name: 
'ReferenceError',
      toString: 
'Function<toString>'
    },
    {
      stack: 
'ReferenceError: 
IntersectionObserver is 
not defined\n' +
        '    at 
initIntersectionObserver 
(file:///C:/Users/evang/O
neDrive/Bureau/Projets/Ko
daFlow/kodaflow-app/node_
modules/framer-motion/dis
t/es/motion/features/view
port/observers.mjs:35:34)
\n' +
        '    at 
observeIntersection (file
:///C:/Users/evang/OneDri
ve/Bureau/Projets/KodaFlo
w/kodaflow-app/node_modul
es/framer-motion/dist/es/
motion/features/viewport/
observers.mjs:40:39)\n' +
        '    at InViewFea
ture.startObserver (file:
///C:/Users/evang/OneDriv
e/Bureau/Projets/KodaFlow
/kodaflow-app/node_module
s/framer-motion/dist/es/m
otion/features/viewport/i
ndex.mjs:52:16)\n' +
        '    at 
InViewFeature.mount (file
:///C:/Users/evang/OneDri
ve/Bureau/Projets/KodaFlo
w/kodaflow-app/node_modul
es/framer-motion/dist/es/
motion/features/viewport/
index.mjs:55:14)\n' +
        '    at HTMLVisua
lElement.updateFeatures (
file:///C:/Users/evang/On
eDrive/Bureau/Projets/Kod
aFlow/kodaflow-app/node_m
odules/motion-dom/dist/es
/render/VisualElement.mjs
:319:29)\n' +
        '    at file:///C
:/Users/evang/OneDrive/Bu
reau/Projets/KodaFlow/kod
aflow-app/node_modules/fr
amer-motion/dist/es/motio
n/utils/use-visual-elemen
t.mjs:94:23\n' +
        '    at Object.re
act_stack_bottom_frame (C
:\\Users\\evang\\OneDrive
\\Bureau\\Projets\\KodaFl
ow\\kodaflow-app\\node_mo
dules\\react-dom\\cjs\\re
act-dom-client.developmen
t.js:25989:20)\n' +
        '    at 
runWithFiberInDEV (C:\\Us
ers\\evang\\OneDrive\\Bur
eau\\Projets\\KodaFlow\\k
odaflow-app\\node_modules
\\react-dom\\cjs\\react-d
om-client.development.js:
874:13)\n' +
        '    at commitHoo
kEffectListMount (C:\\Use
rs\\evang\\OneDrive\\Bure
au\\Projets\\KodaFlow\\ko
daflow-app\\node_modules\
\react-dom\\cjs\\react-do
m-client.development.js:1
3249:29)\n' +
        '    at 
commitHookLayoutEffects (
C:\\Users\\evang\\OneDriv
e\\Bureau\\Projets\\KodaF
low\\kodaflow-app\\node_m
odules\\react-dom\\cjs\\r
eact-dom-client.developme
nt.js:13213:11)',
      message: 
'IntersectionObserver is 
not defined',
      constructor: 'Funct
ion<ReferenceError>',
      name: 
'ReferenceError',
      toString: 
'Function<toString>'
    },
    {
      stack: 
'ReferenceError: 
IntersectionObserver is 
not defined\n' +
        '    at 
initIntersectionObserver 
(file:///C:/Users/evang/O
neDrive/Bureau/Projets/Ko
daFlow/kodaflow-app/node_
modules/framer-motion/dis
t/es/motion/features/view
port/observers.mjs:35:34)
\n' +
        '    at 
observeIntersection (file
:///C:/Users/evang/OneDri
ve/Bureau/Projets/KodaFlo
w/kodaflow-app/node_modul
es/framer-motion/dist/es/
motion/features/viewport/
observers.mjs:40:39)\n' +
        '    at InViewFea
ture.startObserver (file:
///C:/Users/evang/OneDriv
e/Bureau/Projets/KodaFlow
/kodaflow-app/node_module
s/framer-motion/dist/es/m
otion/features/viewport/i
ndex.mjs:52:16)\n' +
        '    at 
InViewFeature.mount (file
:///C:/Users/evang/OneDri
ve/Bureau/Projets/KodaFlo
w/kodaflow-app/node_modul
es/framer-motion/dist/es/
motion/features/viewport/
index.mjs:55:14)\n' +
        '    at HTMLVisua
lElement.updateFeatures (
file:///C:/Users/evang/On
eDrive/Bureau/Projets/Kod
aFlow/kodaflow-app/node_m
odules/motion-dom/dist/es
/render/VisualElement.mjs
:319:29)\n' +
        '    at file:///C
:/Users/evang/OneDrive/Bu
reau/Projets/KodaFlow/kod
aflow-app/node_modules/fr
amer-motion/dist/es/motio
n/utils/use-visual-elemen
t.mjs:94:23\n' +
        '    at Object.re
act_stack_bottom_frame (C
:\\Users\\evang\\OneDrive
\\Bureau\\Projets\\KodaFl
ow\\kodaflow-app\\node_mo
dules\\react-dom\\cjs\\re
act-dom-client.developmen
t.js:25989:20)\n' +
        '    at 
runWithFiberInDEV (C:\\Us
ers\\evang\\OneDrive\\Bur
eau\\Projets\\KodaFlow\\k
odaflow-app\\node_modules
\\react-dom\\cjs\\react-d
om-client.development.js:
874:13)\n' +
        '    at commitHoo
kEffectListMount (C:\\Use
rs\\evang\\OneDrive\\Bure
au\\Projets\\KodaFlow\\ko
daflow-app\\node_modules\
\react-dom\\cjs\\react-do
m-client.development.js:1
3249:29)\n' +
        '    at 
commitHookLayoutEffects (
C:\\Users\\evang\\OneDriv
e\\Bureau\\Projets\\KodaF
low\\kodaflow-app\\node_m
odules\\react-dom\\cjs\\r
eact-dom-client.developme
nt.js:13213:11)',
      message: 
'IntersectionObserver is 
not defined',
      constructor: 'Funct
ion<ReferenceError>',
      name: 
'ReferenceError',
      toString: 
'Function<toString>'
    },
    {
      stack: 
'ReferenceError: 
IntersectionObserver is 
not defined\n' +
        '    at 
initIntersectionObserver 
(file:///C:/Users/evang/O
neDrive/Bureau/Projets/Ko
daFlow/kodaflow-app/node_
modules/framer-motion/dis
t/es/motion/features/view
port/observers.mjs:35:34)
\n' +
        '    at 
observeIntersection (file
:///C:/Users/evang/OneDri
ve/Bureau/Projets/KodaFlo
w/kodaflow-app/node_modul
es/framer-motion/dist/es/
motion/features/viewport/
observers.mjs:40:39)\n' +
        '    at InViewFea
ture.startObserver (file:
///C:/Users/evang/OneDriv
e/Bureau/Projets/KodaFlow
/kodaflow-app/node_module
s/framer-motion/dist/es/m
otion/features/viewport/i
ndex.mjs:52:16)\n' +
        '    at 
InViewFeature.mount (file
:///C:/Users/evang/OneDri
ve/Bureau/Projets/KodaFlo
w/kodaflow-app/node_modul
es/framer-motion/dist/es/
motion/features/viewport/
index.mjs:55:14)\n' +
        '    at HTMLVisua
lElement.updateFeatures (
file:///C:/Users/evang/On
eDrive/Bureau/Projets/Kod
aFlow/kodaflow-app/node_m
odules/motion-dom/dist/es
/render/VisualElement.mjs
:319:29)\n' +
        '    at file:///C
:/Users/evang/OneDrive/Bu
reau/Projets/KodaFlow/kod
aflow-app/node_modules/fr
amer-motion/dist/es/motio
n/utils/use-visual-elemen
t.mjs:94:23\n' +
        '    at Object.re
act_stack_bottom_frame (C
:\\Users\\evang\\OneDrive
\\Bureau\\Projets\\KodaFl
ow\\kodaflow-app\\node_mo
dules\\react-dom\\cjs\\re
act-dom-client.developmen
t.js:25989:20)\n' +
        '    at 
runWithFiberInDEV (C:\\Us
ers\\evang\\OneDrive\\Bur
eau\\Projets\\KodaFlow\\k
odaflow-app\\node_modules
\\react-dom\\cjs\\react-d
om-client.development.js:
874:13)\n' +
        '    at commitHoo
kEffectListMount (C:\\Use
rs\\evang\\OneDrive\\Bure
au\\Projets\\KodaFlow\\ko
daflow-app\\node_modules\
\react-dom\\cjs\\react-do
m-client.development.js:1
3249:29)\n' +
        '    at 
commitHookLayoutEffects (
C:\\Users\\evang\\OneDriv
e\\Bureau\\Projets\\KodaF
low\\kodaflow-app\\node_m
odules\\react-dom\\cjs\\r
eact-dom-client.developme
nt.js:13213:11)',
      message: 
'IntersectionObserver is 
not defined',
      constructor: 'Funct
ion<ReferenceError>',
      name: 
'ReferenceError',
      toString: 
'Function<toString>'
    },
    {
      stack: 
'ReferenceError: 
IntersectionObserver is 
not defined\n' +
        '    at 
initIntersectionObserver 
(file:///C:/Users/evang/O
neDrive/Bureau/Projets/Ko
daFlow/kodaflow-app/node_
modules/framer-motion/dis
t/es/motion/features/view
port/observers.mjs:35:34)
\n' +
        '    at 
observeIntersection (file
:///C:/Users/evang/OneDri
ve/Bureau/Projets/KodaFlo
w/kodaflow-app/node_modul
es/framer-motion/dist/es/
motion/features/viewport/
observers.mjs:40:39)\n' +
        '    at InViewFea
ture.startObserver (file:
///C:/Users/evang/OneDriv
e/Bureau/Projets/KodaFlow
/kodaflow-app/node_module
s/framer-motion/dist/es/m
otion/features/viewport/i
ndex.mjs:52:16)\n' +
        '    at 
InViewFeature.mount (file
:///C:/Users/evang/OneDri
ve/Bureau/Projets/KodaFlo
w/kodaflow-app/node_modul
es/framer-motion/dist/es/
motion/features/viewport/
index.mjs:55:14)\n' +
        '    at HTMLVisua
lElement.updateFeatures (
file:///C:/Users/evang/On
eDrive/Bureau/Projets/Kod
aFlow/kodaflow-app/node_m
odules/motion-dom/dist/es
/render/VisualElement.mjs
:319:29)\n' +
        '    at file:///C
:/Users/evang/OneDrive/Bu
reau/Projets/KodaFlow/kod
aflow-app/node_modules/fr
amer-motion/dist/es/motio
n/utils/use-visual-elemen
t.mjs:94:23\n' +
        '    at Object.re
act_stack_bottom_frame (C
:\\Users\\evang\\OneDrive
\\Bureau\\Projets\\KodaFl
ow\\kodaflow-app\\node_mo
dules\\react-dom\\cjs\\re
act-dom-client.developmen
t.js:25989:20)\n' +
        '    at 
runWithFiberInDEV (C:\\Us
ers\\evang\\OneDrive\\Bur
eau\\Projets\\KodaFlow\\k
odaflow-app\\node_modules
\\react-dom\\cjs\\react-d
om-client.development.js:
874:13)\n' +
        '    at commitHoo
kEffectListMount (C:\\Use
rs\\evang\\OneDrive\\Bure
au\\Projets\\KodaFlow\\ko
daflow-app\\node_modules\
\react-dom\\cjs\\react-do
m-client.development.js:1
3249:29)\n' +
        '    at 
commitHookLayoutEffects (
C:\\Users\\evang\\OneDriv
e\\Bureau\\Projets\\KodaF
low\\kodaflow-app\\node_m
odules\\react-dom\\cjs\\r
eact-dom-client.developme
nt.js:13213:11)',
      message: 
'IntersectionObserver is 
not defined',
      constructor: 'Funct
ion<ReferenceError>',
      name: 
'ReferenceError',
      toString: 
'Function<toString>'
    },
    {
      stack: 
'ReferenceError: 
IntersectionObserver is 
not defined\n' +
        '    at 
initIntersectionObserver 
(file:///C:/Users/evang/O
neDrive/Bureau/Projets/Ko
daFlow/kodaflow-app/node_
modules/framer-motion/dis
t/es/motion/features/view
port/observers.mjs:35:34)
\n' +
        '    at 
observeIntersection (file
:///C:/Users/evang/OneDri
ve/Bureau/Projets/KodaFlo
w/kodaflow-app/node_modul
es/framer-motion/dist/es/
motion/features/viewport/
observers.mjs:40:39)\n' +
        '    at InViewFea
ture.startObserver (file:
///C:/Users/evang/OneDriv
e/Bureau/Projets/KodaFlow
/kodaflow-app/node_module
s/framer-motion/dist/es/m
otion/features/viewport/i
ndex.mjs:52:16)\n' +
        '    at 
InViewFeature.mount (file
:///C:/Users/evang/OneDri
ve/Bureau/Projets/KodaFlo
w/kodaflow-app/node_modul
es/framer-motion/dist/es/
motion/features/viewport/
index.mjs:55:14)\n' +
        '    at HTMLVisua
lElement.updateFeatures (
file:///C:/Users/evang/On
eDrive/Bureau/Projets/Kod
aFlow/kodaflow-app/node_m
odules/motion-dom/dist/es
/render/VisualElement.mjs
:319:29)\n' +
        '    at file:///C
:/Users/evang/OneDrive/Bu
reau/Projets/KodaFlow/kod
aflow-app/node_modules/fr
amer-motion/dist/es/motio
n/utils/use-visual-elemen
t.mjs:94:23\n' +
        '    at Object.re
act_stack_bottom_frame (C
:\\Users\\evang\\OneDrive
\\Bureau\\Projets\\KodaFl
ow\\kodaflow-app\\node_mo
dules\\react-dom\\cjs\\re
act-dom-client.developmen
t.js:25989:20)\n' +
        '    at 
runWithFiberInDEV (C:\\Us
ers\\evang\\OneDrive\\Bur
eau\\Projets\\KodaFlow\\k
odaflow-app\\node_modules
\\react-dom\\cjs\\react-d
om-client.development.js:
874:13)\n' +
        '    at commitHoo
kEffectListMount (C:\\Use
rs\\evang\\OneDrive\\Bure
au\\Projets\\KodaFlow\\ko
daflow-app\\node_modules\
\react-dom\\cjs\\react-do
m-client.development.js:1
3249:29)\n' +
        '    at 
commitHookLayoutEffects (
C:\\Users\\evang\\OneDriv
e\\Bureau\\Projets\\KodaF
low\\kodaflow-app\\node_m
odules\\react-dom\\cjs\\r
eact-dom-client.developme
nt.js:13213:11)',
      message: 
'IntersectionObserver is 
not defined',
      constructor: 'Funct
ion<ReferenceError>',
      name: 
'ReferenceError',
      toString: 
'Function<toString>'
    },
    {
      stack: 
'ReferenceError: 
IntersectionObserver is 
not defined\n' +
        '    at 
initIntersectionObserver 
(file:///C:/Users/evang/O
neDrive/Bureau/Projets/Ko
daFlow/kodaflow-app/node_
modules/framer-motion/dis
t/es/motion/features/view
port/observers.mjs:35:34)
\n' +
        '    at 
observeIntersection (file
:///C:/Users/evang/OneDri
ve/Bureau/Projets/KodaFlo
w/kodaflow-app/node_modul
es/framer-motion/dist/es/
motion/features/viewport/
observers.mjs:40:39)\n' +
        '    at InViewFea
ture.startObserver (file:
///C:/Users/evang/OneDriv
e/Bureau/Projets/KodaFlow
/kodaflow-app/node_module
s/framer-motion/dist/es/m
otion/features/viewport/i
ndex.mjs:52:16)\n' +
        '    at 
InViewFeature.mount (file
:///C:/Users/evang/OneDri
ve/Bureau/Projets/KodaFlo
w/kodaflow-app/node_modul
es/framer-motion/dist/es/
motion/features/viewport/
index.mjs:55:14)\n' +
        '    at HTMLVisua
lElement.updateFeatures (
file:///C:/Users/evang/On
eDrive/Bureau/Projets/Kod
aFlow/kodaflow-app/node_m
odules/motion-dom/dist/es
/render/VisualElement.mjs
:319:29)\n' +
        '    at file:///C
:/Users/evang/OneDrive/Bu
reau/Projets/KodaFlow/kod
aflow-app/node_modules/fr
amer-motion/dist/es/motio
n/utils/use-visual-elemen
t.mjs:94:23\n' +
        '    at Object.re
act_stack_bottom_frame (C
:\\Users\\evang\\OneDrive
\\Bureau\\Projets\\KodaFl
ow\\kodaflow-app\\node_mo
dules\\react-dom\\cjs\\re
act-dom-client.developmen
t.js:25989:20)\n' +
        '    at 
runWithFiberInDEV (C:\\Us
ers\\evang\\OneDrive\\Bur
eau\\Projets\\KodaFlow\\k
odaflow-app\\node_modules
\\react-dom\\cjs\\react-d
om-client.development.js:
874:13)\n' +
        '    at commitHoo
kEffectListMount (C:\\Use
rs\\evang\\OneDrive\\Bure
au\\Projets\\KodaFlow\\ko
daflow-app\\node_modules\
\react-dom\\cjs\\react-do
m-client.development.js:1
3249:29)\n' +
        '    at 
commitHookLayoutEffects (
C:\\Users\\evang\\OneDriv
e\\Bureau\\Projets\\KodaF
low\\kodaflow-app\\node_m
odules\\react-dom\\cjs\\r
eact-dom-client.developme
nt.js:13213:11)',
      message: 
'IntersectionObserver is 
not defined',
      constructor: 'Funct
ion<ReferenceError>',
      name: 
'ReferenceError',
      toString: 
'Function<toString>'
    },
    {
      stack: 
'ReferenceError: 
IntersectionObserver is 
not defined\n' +
        '    at 
initIntersectionObserver 
(file:///C:/Users/evang/O
neDrive/Bureau/Projets/Ko
daFlow/kodaflow-app/node_
modules/framer-motion/dis
t/es/motion/features/view
port/observers.mjs:35:34)
\n' +
        '    at 
observeIntersection (file
:///C:/Users/evang/OneDri
ve/Bureau/Projets/KodaFlo
w/kodaflow-app/node_modul
es/framer-motion/dist/es/
motion/features/viewport/
observers.mjs:40:39)\n' +
        '    at InViewFea
ture.startObserver (file:
///C:/Users/evang/OneDriv
e/Bureau/Projets/KodaFlow
/kodaflow-app/node_module
s/framer-motion/dist/es/m
otion/features/viewport/i
ndex.mjs:52:16)\n' +
        '    at 
InViewFeature.mount (file
:///C:/Users/evang/OneDri
ve/Bureau/Projets/KodaFlo
w/kodaflow-app/node_modul
es/framer-motion/dist/es/
motion/features/viewport/
index.mjs:55:14)\n' +
        '    at HTMLVisua
lElement.updateFeatures (
file:///C:/Users/evang/On
eDrive/Bureau/Projets/Kod
aFlow/kodaflow-app/node_m
odules/motion-dom/dist/es
/render/VisualElement.mjs
:319:29)\n' +
        '    at file:///C
:/Users/evang/OneDrive/Bu
reau/Projets/KodaFlow/kod
aflow-app/node_modules/fr
amer-motion/dist/es/motio
n/utils/use-visual-elemen
t.mjs:94:23\n' +
        '    at Object.re
act_stack_bottom_frame (C
:\\Users\\evang\\OneDrive
\\Bureau\\Projets\\KodaFl
ow\\kodaflow-app\\node_mo
dules\\react-dom\\cjs\\re
act-dom-client.developmen
t.js:25989:20)\n' +
        '    at 
runWithFiberInDEV (C:\\Us
ers\\evang\\OneDrive\\Bur
eau\\Projets\\KodaFlow\\k
odaflow-app\\node_modules
\\react-dom\\cjs\\react-d
om-client.development.js:
874:13)\n' +
        '    at commitHoo
kEffectListMount (C:\\Use
rs\\evang\\OneDrive\\Bure
au\\Projets\\KodaFlow\\ko
daflow-app\\node_modules\
\react-dom\\cjs\\react-do
m-client.development.js:1
3249:29)\n' +
        '    at 
commitHookLayoutEffects (
C:\\Users\\evang\\OneDriv
e\\Bureau\\Projets\\KodaF
low\\kodaflow-app\\node_m
odules\\react-dom\\cjs\\r
eact-dom-client.developme
nt.js:13213:11)',
      message: 
'IntersectionObserver is 
not defined',
      constructor: 'Funct
ion<ReferenceError>',
      name: 
'ReferenceError',
      toString: 
'Function<toString>'
    },
    {
      stack: 
'ReferenceError: 
IntersectionObserver is 
not defined\n' +
        '    at 
initIntersectionObserver 
(file:///C:/Users/evang/O
neDrive/Bureau/Projets/Ko
daFlow/kodaflow-app/node_
modules/framer-motion/dis
t/es/motion/features/view
port/observers.mjs:35:34)
\n' +
        '    at 
observeIntersection (file
:///C:/Users/evang/OneDri
ve/Bureau/Projets/KodaFlo
w/kodaflow-app/node_modul
es/framer-motion/dist/es/
motion/features/viewport/
observers.mjs:40:39)\n' +
        '    at InViewFea
ture.startObserver (file:
///C:/Users/evang/OneDriv
e/Bureau/Projets/KodaFlow
/kodaflow-app/node_module
s/framer-motion/dist/es/m
otion/features/viewport/i
ndex.mjs:52:16)\n' +
        '    at 
InViewFeature.mount (file
:///C:/Users/evang/OneDri
ve/Bureau/Projets/KodaFlo
w/kodaflow-app/node_modul
es/framer-motion/dist/es/
motion/features/viewport/
index.mjs:55:14)\n' +
        '    at HTMLVisua
lElement.updateFeatures (
file:///C:/Users/evang/On
eDrive/Bureau/Projets/Kod
aFlow/kodaflow-app/node_m
odules/motion-dom/dist/es
/render/VisualElement.mjs
:319:29)\n' +
        '    at file:///C
:/Users/evang/OneDrive/Bu
reau/Projets/KodaFlow/kod
aflow-app/node_modules/fr
amer-motion/dist/es/motio
n/utils/use-visual-elemen
t.mjs:94:23\n' +
        '    at Object.re
act_stack_bottom_frame (C
:\\Users\\evang\\OneDrive
\\Bureau\\Projets\\KodaFl
ow\\kodaflow-app\\node_mo
dules\\react-dom\\cjs\\re
act-dom-client.developmen
t.js:25989:20)\n' +
        '    at 
runWithFiberInDEV (C:\\Us
ers\\evang\\OneDrive\\Bur
eau\\Projets\\KodaFlow\\k
odaflow-app\\node_modules
\\react-dom\\cjs\\react-d
om-client.development.js:
874:13)\n' +
        '    at commitHoo
kEffectListMount (C:\\Use
rs\\evang\\OneDrive\\Bure
au\\Projets\\KodaFlow\\ko
daflow-app\\node_modules\
\react-dom\\cjs\\react-do
m-client.development.js:1
3249:29)\n' +
        '    at 
commitHookLayoutEffects (
C:\\Users\\evang\\OneDriv
e\\Bureau\\Projets\\KodaF
low\\kodaflow-app\\node_m
odules\\react-dom\\cjs\\r
eact-dom-client.developme
nt.js:13213:11)',
      message: 
'IntersectionObserver is 
not defined',
      constructor: 'Funct
ion<ReferenceError>',
      name: 
'ReferenceError',
      toString: 
'Function<toString>'
    },
    {
      stack: 
'ReferenceError: 
IntersectionObserver is 
not defined\n' +
        '    at 
initIntersectionObserver 
(file:///C:/Users/evang/O
neDrive/Bureau/Projets/Ko
daFlow/kodaflow-app/node_
modules/framer-motion/dis
t/es/motion/features/view
port/observers.mjs:35:34)
\n' +
        '    at 
observeIntersection (file
:///C:/Users/evang/OneDri
ve/Bureau/Projets/KodaFlo
w/kodaflow-app/node_modul
es/framer-motion/dist/es/
motion/features/viewport/
observers.mjs:40:39)\n' +
        '    at InViewFea
ture.startObserver (file:
///C:/Users/evang/OneDriv
e/Bureau/Projets/KodaFlow
/kodaflow-app/node_module
s/framer-motion/dist/es/m
otion/features/viewport/i
ndex.mjs:52:16)\n' +
        '    at 
InViewFeature.mount (file
:///C:/Users/evang/OneDri
ve/Bureau/Projets/KodaFlo
w/kodaflow-app/node_modul
es/framer-motion/dist/es/
motion/features/viewport/
index.mjs:55:14)\n' +
        '    at HTMLVisua
lElement.updateFeatures (
file:///C:/Users/evang/On
eDrive/Bureau/Projets/Kod
aFlow/kodaflow-app/node_m
odules/motion-dom/dist/es
/render/VisualElement.mjs
:319:29)\n' +
        '    at file:///C
:/Users/evang/OneDrive/Bu
reau/Projets/KodaFlow/kod
aflow-app/node_modules/fr
amer-motion/dist/es/motio
n/utils/use-visual-elemen
t.mjs:94:23\n' +
        '    at Object.re
act_stack_bottom_frame (C
:\\Users\\evang\\OneDrive
\\Bureau\\Projets\\KodaFl
ow\\kodaflow-app\\node_mo
dules\\react-dom\\cjs\\re
act-dom-client.developmen
t.js:25989:20)\n' +
        '    at 
runWithFiberInDEV (C:\\Us
ers\\evang\\OneDrive\\Bur
eau\\Projets\\KodaFlow\\k
odaflow-app\\node_modules
\\react-dom\\cjs\\react-d
om-client.development.js:
874:13)\n' +
        '    at commitHoo
kEffectListMount (C:\\Use
rs\\evang\\OneDrive\\Bure
au\\Projets\\KodaFlow\\ko
daflow-app\\node_modules\
\react-dom\\cjs\\react-do
m-client.development.js:1
3249:29)\n' +
        '    at 
commitHookLayoutEffects (
C:\\Users\\evang\\OneDriv
e\\Bureau\\Projets\\KodaF
low\\kodaflow-app\\node_m
odules\\react-dom\\cjs\\r
eact-dom-client.developme
nt.js:13213:11)',
      message: 
'IntersectionObserver is 
not defined',
      constructor: 'Funct
ion<ReferenceError>',
      name: 
'ReferenceError',
      toString: 
'Function<toString>'
    },
    {
      stack: 
'ReferenceError: 
IntersectionObserver is 
not defined\n' +
        '    at 
initIntersectionObserver 
(file:///C:/Users/evang/O
neDrive/Bureau/Projets/Ko
daFlow/kodaflow-app/node_
modules/framer-motion/dis
t/es/motion/features/view
port/observers.mjs:35:34)
\n' +
        '    at 
observeIntersection (file
:///C:/Users/evang/OneDri
ve/Bureau/Projets/KodaFlo
w/kodaflow-app/node_modul
es/framer-motion/dist/es/
motion/features/viewport/
observers.mjs:40:39)\n' +
        '    at InViewFea
ture.startObserver (file:
///C:/Users/evang/OneDriv
e/Bureau/Projets/KodaFlow
/kodaflow-app/node_module
s/framer-motion/dist/es/m
otion/features/viewport/i
ndex.mjs:52:16)\n' +
        '    at 
InViewFeature.mount (file
:///C:/Users/evang/OneDri
ve/Bureau/Projets/KodaFlo
w/kodaflow-app/node_modul
es/framer-motion/dist/es/
motion/features/viewport/
index.mjs:55:14)\n' +
        '    at HTMLVisua
lElement.updateFeatures (
file:///C:/Users/evang/On
eDrive/Bureau/Projets/Kod
aFlow/kodaflow-app/node_m
odules/motion-dom/dist/es
/render/VisualElement.mjs
:319:29)\n' +
        '    at file:///C
:/Users/evang/OneDrive/Bu
reau/Projets/KodaFlow/kod
aflow-app/node_modules/fr
amer-motion/dist/es/motio
n/utils/use-visual-elemen
t.mjs:94:23\n' +
        '    at Object.re
act_stack_bottom_frame (C
:\\Users\\evang\\OneDrive
\\Bureau\\Projets\\KodaFl
ow\\kodaflow-app\\node_mo
dules\\react-dom\\cjs\\re
act-dom-client.developmen
t.js:25989:20)\n' +
        '    at 
runWithFiberInDEV (C:\\Us
ers\\evang\\OneDrive\\Bur
eau\\Projets\\KodaFlow\\k
odaflow-app\\node_modules
\\react-dom\\cjs\\react-d
om-client.development.js:
874:13)\n' +
        '    at commitHoo
kEffectListMount (C:\\Use
rs\\evang\\OneDrive\\Bure
au\\Projets\\KodaFlow\\ko
daflow-app\\node_modules\
\react-dom\\cjs\\react-do
m-client.development.js:1
3249:29)\n' +
        '    at 
commitHookLayoutEffects (
C:\\Users\\evang\\OneDriv
e\\Bureau\\Projets\\KodaF
low\\kodaflow-app\\node_m
odules\\react-dom\\cjs\\r
eact-dom-client.developme
nt.js:13213:11)',
      message: 
'IntersectionObserver is 
not defined',
      constructor: 'Funct
ion<ReferenceError>',
      name: 
'ReferenceError',
      toString: 
'Function<toString>'
    },
    {
      stack: 
'ReferenceError: 
IntersectionObserver is 
not defined\n' +
        '    at 
initIntersectionObserver 
(file:///C:/Users/evang/O
neDrive/Bureau/Projets/Ko
daFlow/kodaflow-app/node_
modules/framer-motion/dis
t/es/motion/features/view
port/observers.mjs:35:34)
\n' +
        '    at 
observeIntersection (file
:///C:/Users/evang/OneDri
ve/Bureau/Projets/KodaFlo
w/kodaflow-app/node_modul
es/framer-motion/dist/es/
motion/features/viewport/
observers.mjs:40:39)\n' +
        '    at InViewFea
ture.startObserver (file:
///C:/Users/evang/OneDriv
e/Bureau/Projets/KodaFlow
/kodaflow-app/node_module
s/framer-motion/dist/es/m
otion/features/viewport/i
ndex.mjs:52:16)\n' +
        '    at 
InViewFeature.mount (file
:///C:/Users/evang/OneDri
ve/Bureau/Projets/KodaFlo
w/kodaflow-app/node_modul
es/framer-motion/dist/es/
motion/features/viewport/
index.mjs:55:14)\n' +
        '    at HTMLVisua
lElement.updateFeatures (
file:///C:/Users/evang/On
eDrive/Bureau/Projets/Kod
aFlow/kodaflow-app/node_m
odules/motion-dom/dist/es
/render/VisualElement.mjs
:319:29)\n' +
        '    at file:///C
:/Users/evang/OneDrive/Bu
reau/Projets/KodaFlow/kod
aflow-app/node_modules/fr
amer-motion/dist/es/motio
n/utils/use-visual-elemen
t.mjs:94:23\n' +
        '    at Object.re
act_stack_bottom_frame (C
:\\Users\\evang\\OneDrive
\\Bureau\\Projets\\KodaFl
ow\\kodaflow-app\\node_mo
dules\\react-dom\\cjs\\re
act-dom-client.developmen
t.js:25989:20)\n' +
        '    at 
runWithFiberInDEV (C:\\Us
ers\\evang\\OneDrive\\Bur
eau\\Projets\\KodaFlow\\k
odaflow-app\\node_modules
\\react-dom\\cjs\\react-d
om-client.development.js:
874:13)\n' +
        '    at commitHoo
kEffectListMount (C:\\Use
rs\\evang\\OneDrive\\Bure
au\\Projets\\KodaFlow\\ko
daflow-app\\node_modules\
\react-dom\\cjs\\react-do
m-client.development.js:1
3249:29)\n' +
        '    at 
commitHookLayoutEffects (
C:\\Users\\evang\\OneDriv
e\\Bureau\\Projets\\KodaF
low\\kodaflow-app\\node_m
odules\\react-dom\\cjs\\r
eact-dom-client.developme
nt.js:13213:11)',
      message: 
'IntersectionObserver is 
not defined',
      constructor: 'Funct
ion<ReferenceError>',
      name: 
'ReferenceError',
      toString: 
'Function<toString>'
    },
    {
      stack: 
'ReferenceError: 
IntersectionObserver is 
not defined\n' +
        '    at 
initIntersectionObserver 
(file:///C:/Users/evang/O
neDrive/Bureau/Projets/Ko
daFlow/kodaflow-app/node_
modules/framer-motion/dis
t/es/motion/features/view
port/observers.mjs:35:34)
\n' +
        '    at 
observeIntersection (file
:///C:/Users/evang/OneDri
ve/Bureau/Projets/KodaFlo
w/kodaflow-app/node_modul
es/framer-motion/dist/es/
motion/features/viewport/
observers.mjs:40:39)\n' +
        '    at InViewFea
ture.startObserver (file:
///C:/Users/evang/OneDriv
e/Bureau/Projets/KodaFlow
/kodaflow-app/node_module
s/framer-motion/dist/es/m
otion/features/viewport/i
ndex.mjs:52:16)\n' +
        '    at 
InViewFeature.mount (file
:///C:/Users/evang/OneDri
ve/Bureau/Projets/KodaFlo
w/kodaflow-app/node_modul
es/framer-motion/dist/es/
motion/features/viewport/
index.mjs:55:14)\n' +
        '    at HTMLVisua
lElement.updateFeatures (
file:///C:/Users/evang/On
eDrive/Bureau/Projets/Kod
aFlow/kodaflow-app/node_m
odules/motion-dom/dist/es
/render/VisualElement.mjs
:319:29)\n' +
        '    at file:///C
:/Users/evang/OneDrive/Bu
reau/Projets/KodaFlow/kod
aflow-app/node_modules/fr
amer-motion/dist/es/motio
n/utils/use-visual-elemen
t.mjs:94:23\n' +
        '    at Object.re
act_stack_bottom_frame (C
:\\Users\\evang\\OneDrive
\\Bureau\\Projets\\KodaFl
ow\\kodaflow-app\\node_mo
dules\\react-dom\\cjs\\re
act-dom-client.developmen
t.js:25989:20)\n' +
        '    at 
runWithFiberInDEV (C:\\Us
ers\\evang\\OneDrive\\Bur
eau\\Projets\\KodaFlow\\k
odaflow-app\\node_modules
\\react-dom\\cjs\\react-d
om-client.development.js:
874:13)\n' +
        '    at commitHoo
kEffectListMount (C:\\Use
rs\\evang\\OneDrive\\Bure
au\\Projets\\KodaFlow\\ko
daflow-app\\node_modules\
\react-dom\\cjs\\react-do
m-client.development.js:1
3249:29)\n' +
        '    at 
commitHookLayoutEffects (
C:\\Users\\evang\\OneDriv
e\\Bureau\\Projets\\KodaF
low\\kodaflow-app\\node_m
odules\\react-dom\\cjs\\r
eact-dom-client.developme
nt.js:13213:11)',
      message: 
'IntersectionObserver is 
not defined',
      constructor: 'Funct
ion<ReferenceError>',
      name: 
'ReferenceError',
      toString: 
'Function<toString>'
    },
    {
      stack: 
'ReferenceError: 
IntersectionObserver is 
not defined\n' +
        '    at 
initIntersectionObserver 
(file:///C:/Users/evang/O
neDrive/Bureau/Projets/Ko
daFlow/kodaflow-app/node_
modules/framer-motion/dis
t/es/motion/features/view
port/observers.mjs:35:34)
\n' +
        '    at 
observeIntersection (file
:///C:/Users/evang/OneDri
ve/Bureau/Projets/KodaFlo
w/kodaflow-app/node_modul
es/framer-motion/dist/es/
motion/features/viewport/
observers.mjs:40:39)\n' +
        '    at InViewFea
ture.startObserver (file:
///C:/Users/evang/OneDriv
e/Bureau/Projets/KodaFlow
/kodaflow-app/node_module
s/framer-motion/dist/es/m
otion/features/viewport/i
ndex.mjs:52:16)\n' +
        '    at 
InViewFeature.mount (file
:///C:/Users/evang/OneDri
ve/Bureau/Projets/KodaFlo
w/kodaflow-app/node_modul
es/framer-motion/dist/es/
motion/features/viewport/
index.mjs:55:14)\n' +
        '    at HTMLVisua
lElement.updateFeatures (
file:///C:/Users/evang/On
eDrive/Bureau/Projets/Kod
aFlow/kodaflow-app/node_m
odules/motion-dom/dist/es
/render/VisualElement.mjs
:319:29)\n' +
        '    at file:///C
:/Users/evang/OneDrive/Bu
reau/Projets/KodaFlow/kod
aflow-app/node_modules/fr
amer-motion/dist/es/motio
n/utils/use-visual-elemen
t.mjs:94:23\n' +
        '    at Object.re
act_stack_bottom_frame (C
:\\Users\\evang\\OneDrive
\\Bureau\\Projets\\KodaFl
ow\\kodaflow-app\\node_mo
dules\\react-dom\\cjs\\re
act-dom-client.developmen
t.js:25989:20)\n' +
        '    at 
runWithFiberInDEV (C:\\Us
ers\\evang\\OneDrive\\Bur
eau\\Projets\\KodaFlow\\k
odaflow-app\\node_modules
\\react-dom\\cjs\\react-d
om-client.development.js:
874:13)\n' +
        '    at commitHoo
kEffectListMount (C:\\Use
rs\\evang\\OneDrive\\Bure
au\\Projets\\KodaFlow\\ko
daflow-app\\node_modules\
\react-dom\\cjs\\react-do
m-client.development.js:1
3249:29)\n' +
        '    at 
commitHookLayoutEffects (
C:\\Users\\evang\\OneDriv
e\\Bureau\\Projets\\KodaF
low\\kodaflow-app\\node_m
odules\\react-dom\\cjs\\r
eact-dom-client.developme
nt.js:13213:11)',
      message: 
'IntersectionObserver is 
not defined',
      constructor: 'Funct
ion<ReferenceError>',
      name: 
'ReferenceError',
      toString: 
'Function<toString>'
    },
    {
      stack: 
'ReferenceError: 
IntersectionObserver is 
not defined\n' +
        '    at 
initIntersectionObserver 
(file:///C:/Users/evang/O
neDrive/Bureau/Projets/Ko
daFlow/kodaflow-app/node_
modules/framer-motion/dis
t/es/motion/features/view
port/observers.mjs:35:34)
\n' +
        '    at 
observeIntersection (file
:///C:/Users/evang/OneDri
ve/Bureau/Projets/KodaFlo
w/kodaflow-app/node_modul
es/framer-motion/dist/es/
motion/features/viewport/
observers.mjs:40:39)\n' +
        '    at InViewFea
ture.startObserver (file:
///C:/Users/evang/OneDriv
e/Bureau/Projets/KodaFlow
/kodaflow-app/node_module
s/framer-motion/dist/es/m
otion/features/viewport/i
ndex.mjs:52:16)\n' +
        '    at 
InViewFeature.mount (file
:///C:/Users/evang/OneDri
ve/Bureau/Projets/KodaFlo
w/kodaflow-app/node_modul
es/framer-motion/dist/es/
motion/features/viewport/
index.mjs:55:14)\n' +
        '    at HTMLVisua
lElement.updateFeatures (
file:///C:/Users/evang/On
eDrive/Bureau/Projets/Kod
aFlow/kodaflow-app/node_m
odules/motion-dom/dist/es
/render/VisualElement.mjs
:319:29)\n' +
        '    at file:///C
:/Users/evang/OneDrive/Bu
reau/Projets/KodaFlow/kod
aflow-app/node_modules/fr
amer-motion/dist/es/motio
n/utils/use-visual-elemen
t.mjs:94:23\n' +
        '    at Object.re
act_stack_bottom_frame (C
:\\Users\\evang\\OneDrive
\\Bureau\\Projets\\KodaFl
ow\\kodaflow-app\\node_mo
dules\\react-dom\\cjs\\re
act-dom-client.developmen
t.js:25989:20)\n' +
        '    at 
runWithFiberInDEV (C:\\Us
ers\\evang\\OneDrive\\Bur
eau\\Projets\\KodaFlow\\k
odaflow-app\\node_modules
\\react-dom\\cjs\\react-d
om-client.development.js:
874:13)\n' +
        '    at commitHoo
kEffectListMount (C:\\Use
rs\\evang\\OneDrive\\Bure
au\\Projets\\KodaFlow\\ko
daflow-app\\node_modules\
\react-dom\\cjs\\react-do
m-client.development.js:1
3249:29)\n' +
        '    at 
commitHookLayoutEffects (
C:\\Users\\evang\\OneDriv
e\\Bureau\\Projets\\KodaF
low\\kodaflow-app\\node_m
odules\\react-dom\\cjs\\r
eact-dom-client.developme
nt.js:13213:11)',
      message: 
'IntersectionObserver is 
not defined',
      constructor: 'Funct
ion<ReferenceError>',
      name: 
'ReferenceError',
      toString: 
'Function<toString>'
    },
    {
      stack: 
'ReferenceError: 
IntersectionObserver is 
not defined\n' +
        '    at inView (f
ile:///C:/Users/evang/One
Drive/Bureau/Projets/Koda
Flow/kodaflow-app/node_mo
dules/framer-motion/dist/
es/render/dom/viewport/in
dex.mjs:34:22)\n' +
        '    at file:///C
:/Users/evang/OneDrive/Bu
reau/Projets/KodaFlow/kod
aflow-app/node_modules/fr
amer-motion/dist/es/utils
/use-in-view.mjs:19:16\n'
 +
        '    at Object.re
act_stack_bottom_frame (C
:\\Users\\evang\\OneDrive
\\Bureau\\Projets\\KodaFl
ow\\kodaflow-app\\node_mo
dules\\react-dom\\cjs\\re
act-dom-client.developmen
t.js:25989:20)\n' +
        '    at 
runWithFiberInDEV (C:\\Us
ers\\evang\\OneDrive\\Bur
eau\\Projets\\KodaFlow\\k
odaflow-app\\node_modules
\\react-dom\\cjs\\react-d
om-client.development.js:
874:13)\n' +
        '    at commitHoo
kEffectListMount (C:\\Use
rs\\evang\\OneDrive\\Bure
au\\Projets\\KodaFlow\\ko
daflow-app\\node_modules\
\react-dom\\cjs\\react-do
m-client.development.js:1
3249:29)\n' +
        '    at commitHoo
kPassiveMountEffects (C:\
\Users\\evang\\OneDrive\\
Bureau\\Projets\\KodaFlow
\\kodaflow-app\\node_modu
les\\react-dom\\cjs\\reac
t-dom-client.development.
js:13336:11)\n' +
        '    at commitPas
siveMountOnFiber (C:\\Use
rs\\evang\\OneDrive\\Bure
au\\Projets\\KodaFlow\\ko
daflow-app\\node_modules\
\react-dom\\cjs\\react-do
m-client.development.js:1
5484:13)\n' +
        '    at recursive
lyTraversePassiveMountEff
ects (C:\\Users\\evang\\O
neDrive\\Bureau\\Projets\
\KodaFlow\\kodaflow-app\\
node_modules\\react-dom\\
cjs\\react-dom-client.dev
elopment.js:15439:11)\n' 
+
        '    at commitPas
siveMountOnFiber (C:\\Use
rs\\evang\\OneDrive\\Bure
au\\Projets\\KodaFlow\\ko
daflow-app\\node_modules\
\react-dom\\cjs\\react-do
m-client.development.js:1
5718:11)\n' +
        '    at recursive
lyTraversePassiveMountEff
ects (C:\\Users\\evang\\O
neDrive\\Bureau\\Projets\
\KodaFlow\\kodaflow-app\\
node_modules\\react-dom\\
cjs\\react-dom-client.dev
elopment.js:15439:11)',
      message: 
'IntersectionObserver is 
not defined',
      constructor: 'Funct
ion<ReferenceError>',
      name: 
'ReferenceError',
      toString: 
'Function<toString>'
    },
    {
      stack: 
'ReferenceError: 
IntersectionObserver is 
not defined\n' +
        '    at inView (f
ile:///C:/Users/evang/One
Drive/Bureau/Projets/Koda
Flow/kodaflow-app/node_mo
dules/framer-motion/dist/
es/render/dom/viewport/in
dex.mjs:34:22)\n' +
        '    at file:///C
:/Users/evang/OneDrive/Bu
reau/Projets/KodaFlow/kod
aflow-app/node_modules/fr
amer-motion/dist/es/utils
/use-in-view.mjs:19:16\n'
 +
        '    at Object.re
act_stack_bottom_frame (C
:\\Users\\evang\\OneDrive
\\Bureau\\Projets\\KodaFl
ow\\kodaflow-app\\node_mo
dules\\react-dom\\cjs\\re
act-dom-client.developmen
t.js:25989:20)\n' +
        '    at 
runWithFiberInDEV (C:\\Us
ers\\evang\\OneDrive\\Bur
eau\\Projets\\KodaFlow\\k
odaflow-app\\node_modules
\\react-dom\\cjs\\react-d
om-client.development.js:
874:13)\n' +
        '    at commitHoo
kEffectListMount (C:\\Use
rs\\evang\\OneDrive\\Bure
au\\Projets\\KodaFlow\\ko
daflow-app\\node_modules\
\react-dom\\cjs\\react-do
m-client.development.js:1
3249:29)\n' +
        '    at commitHoo
kPassiveMountEffects (C:\
\Users\\evang\\OneDrive\\
Bureau\\Projets\\KodaFlow
\\kodaflow-app\\node_modu
les\\react-dom\\cjs\\reac
t-dom-client.development.
js:13336:11)\n' +
        '    at commitPas
siveMountOnFiber (C:\\Use
rs\\evang\\OneDrive\\Bure
au\\Projets\\KodaFlow\\ko
daflow-app\\node_modules\
\react-dom\\cjs\\react-do
m-client.development.js:1
5484:13)\n' +
        '    at recursive
lyTraversePassiveMountEff
ects (C:\\Users\\evang\\O
neDrive\\Bureau\\Projets\
\KodaFlow\\kodaflow-app\\
node_modules\\react-dom\\
cjs\\react-dom-client.dev
elopment.js:15439:11)\n' 
+
        '    at commitPas
siveMountOnFiber (C:\\Use
rs\\evang\\OneDrive\\Bure
au\\Projets\\KodaFlow\\ko
daflow-app\\node_modules\
\react-dom\\cjs\\react-do
m-client.development.js:1
5718:11)\n' +
        '    at recursive
lyTraversePassiveMountEff
ects (C:\\Users\\evang\\O
neDrive\\Bureau\\Projets\
\KodaFlow\\kodaflow-app\\
node_modules\\react-dom\\
cjs\\react-dom-client.dev
elopment.js:15439:11)',
      message: 
'IntersectionObserver is 
not defined',
      constructor: 'Funct
ion<ReferenceError>',
      name: 
'ReferenceError',
      toString: 
'Function<toString>'
    },
    {
      stack: 
'ReferenceError: 
IntersectionObserver is 
not defined\n' +
        '    at inView (f
ile:///C:/Users/evang/One
Drive/Bureau/Projets/Koda
Flow/kodaflow-app/node_mo
dules/framer-motion/dist/
es/render/dom/viewport/in
dex.mjs:34:22)\n' +
        '    at file:///C
:/Users/evang/OneDrive/Bu
reau/Projets/KodaFlow/kod
aflow-app/node_modules/fr
amer-motion/dist/es/utils
/use-in-view.mjs:19:16\n'
 +
        '    at Object.re
act_stack_bottom_frame (C
:\\Users\\evang\\OneDrive
\\Bureau\\Projets\\KodaFl
ow\\kodaflow-app\\node_mo
dules\\react-dom\\cjs\\re
act-dom-client.developmen
t.js:25989:20)\n' +
        '    at 
runWithFiberInDEV (C:\\Us
ers\\evang\\OneDrive\\Bur
eau\\Projets\\KodaFlow\\k
odaflow-app\\node_modules
\\react-dom\\cjs\\react-d
om-client.development.js:
874:13)\n' +
        '    at commitHoo
kEffectListMount (C:\\Use
rs\\evang\\OneDrive\\Bure
au\\Projets\\KodaFlow\\ko
daflow-app\\node_modules\
\react-dom\\cjs\\react-do
m-client.development.js:1
3249:29)\n' +
        '    at commitHoo
kPassiveMountEffects (C:\
\Users\\evang\\OneDrive\\
Bureau\\Projets\\KodaFlow
\\kodaflow-app\\node_modu
les\\react-dom\\cjs\\reac
t-dom-client.development.
js:13336:11)\n' +
        '    at commitPas
siveMountOnFiber (C:\\Use
rs\\evang\\OneDrive\\Bure
au\\Projets\\KodaFlow\\ko
daflow-app\\node_modules\
\react-dom\\cjs\\react-do
m-client.development.js:1
5484:13)\n' +
        '    at recursive
lyTraversePassiveMountEff
ects (C:\\Users\\evang\\O
neDrive\\Bureau\\Projets\
\KodaFlow\\kodaflow-app\\
node_modules\\react-dom\\
cjs\\react-dom-client.dev
elopment.js:15439:11)\n' 
+
        '    at commitPas
siveMountOnFiber (C:\\Use
rs\\evang\\OneDrive\\Bure
au\\Projets\\KodaFlow\\ko
daflow-app\\node_modules\
\react-dom\\cjs\\react-do
m-client.development.js:1
5718:11)\n' +
        '    at recursive
lyTraversePassiveMountEff
ects (C:\\Users\\evang\\O
neDrive\\Bureau\\Projets\
\KodaFlow\\kodaflow-app\\
node_modules\\react-dom\\
cjs\\react-dom-client.dev
elopment.js:15439:11)',
      message: 
'IntersectionObserver is 
not defined',
      constructor: 'Funct
ion<ReferenceError>',
      name: 
'ReferenceError',
      toString: 
'Function<toString>'
    },
    {
      stack: 
'ReferenceError: 
IntersectionObserver is 
not defined\n' +
        '    at inView (f
ile:///C:/Users/evang/One
Drive/Bureau/Projets/Koda
Flow/kodaflow-app/node_mo
dules/framer-motion/dist/
es/render/dom/viewport/in
dex.mjs:34:22)\n' +
        '    at file:///C
:/Users/evang/OneDrive/Bu
reau/Projets/KodaFlow/kod
aflow-app/node_modules/fr
amer-motion/dist/es/utils
/use-in-view.mjs:19:16\n'
 +
        '    at Object.re
act_stack_bottom_frame (C
:\\Users\\evang\\OneDrive
\\Bureau\\Projets\\KodaFl
ow\\kodaflow-app\\node_mo
dules\\react-dom\\cjs\\re
act-dom-client.developmen
t.js:25989:20)\n' +
        '    at 
runWithFiberInDEV (C:\\Us
ers\\evang\\OneDrive\\Bur
eau\\Projets\\KodaFlow\\k
odaflow-app\\node_modules
\\react-dom\\cjs\\react-d
om-client.development.js:
874:13)\n' +
        '    at commitHoo
kEffectListMount (C:\\Use
rs\\evang\\OneDrive\\Bure
au\\Projets\\KodaFlow\\ko
daflow-app\\node_modules\
\react-dom\\cjs\\react-do
m-client.development.js:1
3249:29)\n' +
        '    at commitHoo
kPassiveMountEffects (C:\
\Users\\evang\\OneDrive\\
Bureau\\Projets\\KodaFlow
\\kodaflow-app\\node_modu
les\\react-dom\\cjs\\reac
t-dom-client.development.
js:13336:11)\n' +
        '    at commitPas
siveMountOnFiber (C:\\Use
rs\\evang\\OneDrive\\Bure
au\\Projets\\KodaFlow\\ko
daflow-app\\node_modules\
\react-dom\\cjs\\react-do
m-client.development.js:1
5484:13)\n' +
        '    at recursive
lyTraversePassiveMountEff
ects (C:\\Users\\evang\\O
neDrive\\Bureau\\Projets\
\KodaFlow\\kodaflow-app\\
node_modules\\react-dom\\
cjs\\react-dom-client.dev
elopment.js:15439:11)\n' 
+
        '    at commitPas
siveMountOnFiber (C:\\Use
rs\\evang\\OneDrive\\Bure
au\\Projets\\KodaFlow\\ko
daflow-app\\node_modules\
\react-dom\\cjs\\react-do
m-client.development.js:1
5718:11)\n' +
        '    at recursive
lyTraversePassiveMountEff
ects (C:\\Users\\evang\\O
neDrive\\Bureau\\Projets\
\KodaFlow\\kodaflow-app\\
node_modules\\react-dom\\
cjs\\react-dom-client.dev
elopment.js:15439:11)',
      message: 
'IntersectionObserver is 
not defined',
      constructor: 'Funct
ion<ReferenceError>',
      name: 
'ReferenceError',
      toString: 
'Function<toString>'
    },
    {
      stack: 
'ReferenceError: 
IntersectionObserver is 
not defined\n' +
        '    at inView (f
ile:///C:/Users/evang/One
Drive/Bureau/Projets/Koda
Flow/kodaflow-app/node_mo
dules/framer-motion/dist/
es/render/dom/viewport/in
dex.mjs:34:22)\n' +
        '    at file:///C
:/Users/evang/OneDrive/Bu
reau/Projets/KodaFlow/kod
aflow-app/node_modules/fr
amer-motion/dist/es/utils
/use-in-view.mjs:19:16\n'
 +
        '    at Object.re
act_stack_bottom_frame (C
:\\Users\\evang\\OneDrive
\\Bureau\\Projets\\KodaFl
ow\\kodaflow-app\\node_mo
dules\\react-dom\\cjs\\re
act-dom-client.developmen
t.js:25989:20)\n' +
        '    at 
runWithFiberInDEV (C:\\Us
ers\\evang\\OneDrive\\Bur
eau\\Projets\\KodaFlow\\k
odaflow-app\\node_modules
\\react-dom\\cjs\\react-d
om-client.development.js:
874:13)\n' +
        '    at commitHoo
kEffectListMount (C:\\Use
rs\\evang\\OneDrive\\Bure
au\\Projets\\KodaFlow\\ko
daflow-app\\node_modules\
\react-dom\\cjs\\react-do
m-client.development.js:1
3249:29)\n' +
        '    at commitHoo
kPassiveMountEffects (C:\
\Users\\evang\\OneDrive\\
Bureau\\Projets\\KodaFlow
\\kodaflow-app\\node_modu
les\\react-dom\\cjs\\reac
t-dom-client.development.
js:13336:11)\n' +
        '    at commitPas
siveMountOnFiber (C:\\Use
rs\\evang\\OneDrive\\Bure
au\\Projets\\KodaFlow\\ko
daflow-app\\node_modules\
\react-dom\\cjs\\react-do
m-client.development.js:1
5484:13)\n' +
        '    at recursive
lyTraversePassiveMountEff
ects (C:\\Users\\evang\\O
neDrive\\Bureau\\Projets\
\KodaFlow\\kodaflow-app\\
node_modules\\react-dom\\
cjs\\react-dom-client.dev
elopment.js:15439:11)\n' 
+
        '    at commitPas
siveMountOnFiber (C:\\Use
rs\\evang\\OneDrive\\Bure
au\\Projets\\KodaFlow\\ko
daflow-app\\node_modules\
\react-dom\\cjs\\react-do
m-client.development.js:1
5718:11)\n' +
        '    at recursive
lyTraversePassiveMountEff
ects (C:\\Users\\evang\\O
neDrive\\Bureau\\Projets\
\KodaFlow\\kodaflow-app\\
node_modules\\react-dom\\
cjs\\react-dom-client.dev
elopment.js:15439:11)',
      message: 
'IntersectionObserver is 
not defined',
      constructor: 'Funct
ion<ReferenceError>',
      name: 
'ReferenceError',
      toString: 
'Function<toString>'
    },
    {
      stack: 
'ReferenceError: 
IntersectionObserver is 
not defined\n' +
        '    at inView (f
ile:///C:/Users/evang/One
Drive/Bureau/Projets/Koda
Flow/kodaflow-app/node_mo
dules/framer-motion/dist/
es/render/dom/viewport/in
dex.mjs:34:22)\n' +
        '    at file:///C
:/Users/evang/OneDrive/Bu
reau/Projets/KodaFlow/kod
aflow-app/node_modules/fr
amer-motion/dist/es/utils
/use-in-view.mjs:19:16\n'
 +
        '    at Object.re
act_stack_bottom_frame (C
:\\Users\\evang\\OneDrive
\\Bureau\\Projets\\KodaFl
ow\\kodaflow-app\\node_mo
dules\\react-dom\\cjs\\re
act-dom-client.developmen
t.js:25989:20)\n' +
        '    at 
runWithFiberInDEV (C:\\Us
ers\\evang\\OneDrive\\Bur
eau\\Projets\\KodaFlow\\k
odaflow-app\\node_modules
\\react-dom\\cjs\\react-d
om-client.development.js:
874:13)\n' +
        '    at commitHoo
kEffectListMount (C:\\Use
rs\\evang\\OneDrive\\Bure
au\\Projets\\KodaFlow\\ko
daflow-app\\node_modules\
\react-dom\\cjs\\react-do
m-client.development.js:1
3249:29)\n' +
        '    at commitHoo
kPassiveMountEffects (C:\
\Users\\evang\\OneDrive\\
Bureau\\Projets\\KodaFlow
\\kodaflow-app\\node_modu
les\\react-dom\\cjs\\reac
t-dom-client.development.
js:13336:11)\n' +
        '    at commitPas
siveMountOnFiber (C:\\Use
rs\\evang\\OneDrive\\Bure
au\\Projets\\KodaFlow\\ko
daflow-app\\node_modules\
\react-dom\\cjs\\react-do
m-client.development.js:1
5484:13)\n' +
        '    at recursive
lyTraversePassiveMountEff
ects (C:\\Users\\evang\\O
neDrive\\Bureau\\Projets\
\KodaFlow\\kodaflow-app\\
node_modules\\react-dom\\
cjs\\react-dom-client.dev
elopment.js:15439:11)\n' 
+
        '    at commitPas
siveMountOnFiber (C:\\Use
rs\\evang\\OneDrive\\Bure
au\\Projets\\KodaFlow\\ko
daflow-app\\node_modules\
\react-dom\\cjs\\react-do
m-client.development.js:1
5718:11)\n' +
        '    at recursive
lyTraversePassiveMountEff
ects (C:\\Users\\evang\\O
neDrive\\Bureau\\Projets\
\KodaFlow\\kodaflow-app\\
node_modules\\react-dom\\
cjs\\react-dom-client.dev
elopment.js:15439:11)',
      message: 
'IntersectionObserver is 
not defined',
      constructor: 'Funct
ion<ReferenceError>',
      name: 
'ReferenceError',
      toString: 
'Function<toString>'
    },
    {
      stack: 
'ReferenceError: 
IntersectionObserver is 
not defined\n' +
        '    at inView (f
ile:///C:/Users/evang/One
Drive/Bureau/Projets/Koda
Flow/kodaflow-app/node_mo
dules/framer-motion/dist/
es/render/dom/viewport/in
dex.mjs:34:22)\n' +
        '    at file:///C
:/Users/evang/OneDrive/Bu
reau/Projets/KodaFlow/kod
aflow-app/node_modules/fr
amer-motion/dist/es/utils
/use-in-view.mjs:19:16\n'
 +
        '    at Object.re
act_stack_bottom_frame (C
:\\Users\\evang\\OneDrive
\\Bureau\\Projets\\KodaFl
ow\\kodaflow-app\\node_mo
dules\\react-dom\\cjs\\re
act-dom-client.developmen
t.js:25989:20)\n' +
        '    at 
runWithFiberInDEV (C:\\Us
ers\\evang\\OneDrive\\Bur
eau\\Projets\\KodaFlow\\k
odaflow-app\\node_modules
\\react-dom\\cjs\\react-d
om-client.development.js:
874:13)\n' +
        '    at commitHoo
kEffectListMount (C:\\Use
rs\\evang\\OneDrive\\Bure
au\\Projets\\KodaFlow\\ko
daflow-app\\node_modules\
\react-dom\\cjs\\react-do
m-client.development.js:1
3249:29)\n' +
        '    at commitHoo
kPassiveMountEffects (C:\
\Users\\evang\\OneDrive\\
Bureau\\Projets\\KodaFlow
\\kodaflow-app\\node_modu
les\\react-dom\\cjs\\reac
t-dom-client.development.
js:13336:11)\n' +
        '    at commitPas
siveMountOnFiber (C:\\Use
rs\\evang\\OneDrive\\Bure
au\\Projets\\KodaFlow\\ko
daflow-app\\node_modules\
\react-dom\\cjs\\react-do
m-client.development.js:1
5484:13)\n' +
        '    at recursive
lyTraversePassiveMountEff
ects (C:\\Users\\evang\\O
neDrive\\Bureau\\Projets\
\KodaFlow\\kodaflow-app\\
node_modules\\react-dom\\
cjs\\react-dom-client.dev
elopment.js:15439:11)\n' 
+
        '    at commitPas
siveMountOnFiber (C:\\Use
rs\\evang\\OneDrive\\Bure
au\\Projets\\KodaFlow\\ko
daflow-app\\node_modules\
\react-dom\\cjs\\react-do
m-client.development.js:1
5718:11)\n' +
        '    at recursive
lyTraversePassiveMountEff
ects (C:\\Users\\evang\\O
neDrive\\Bureau\\Projets\
\KodaFlow\\kodaflow-app\\
node_modules\\react-dom\\
cjs\\react-dom-client.dev
elopment.js:15439:11)',
      message: 
'IntersectionObserver is 
not defined',
      constructor: 'Funct
ion<ReferenceError>',
      name: 
'ReferenceError',
      toString: 
'Function<toString>'
    },
    {
      stack: 
'ReferenceError: 
IntersectionObserver is 
not defined\n' +
        '    at inView (f
ile:///C:/Users/evang/One
Drive/Bureau/Projets/Koda
Flow/kodaflow-app/node_mo
dules/framer-motion/dist/
es/render/dom/viewport/in
dex.mjs:34:22)\n' +
        '    at file:///C
:/Users/evang/OneDrive/Bu
reau/Projets/KodaFlow/kod
aflow-app/node_modules/fr
amer-motion/dist/es/utils
/use-in-view.mjs:19:16\n'
 +
        '    at Object.re
act_stack_bottom_frame (C
:\\Users\\evang\\OneDrive
\\Bureau\\Projets\\KodaFl
ow\\kodaflow-app\\node_mo
dules\\react-dom\\cjs\\re
act-dom-client.developmen
t.js:25989:20)\n' +
        '    at 
runWithFiberInDEV (C:\\Us
ers\\evang\\OneDrive\\Bur
eau\\Projets\\KodaFlow\\k
odaflow-app\\node_modules
\\react-dom\\cjs\\react-d
om-client.development.js:
874:13)\n' +
        '    at commitHoo
kEffectListMount (C:\\Use
rs\\evang\\OneDrive\\Bure
au\\Projets\\KodaFlow\\ko
daflow-app\\node_modules\
\react-dom\\cjs\\react-do
m-client.development.js:1
3249:29)\n' +
        '    at commitHoo
kPassiveMountEffects (C:\
\Users\\evang\\OneDrive\\
Bureau\\Projets\\KodaFlow
\\kodaflow-app\\node_modu
les\\react-dom\\cjs\\reac
t-dom-client.development.
js:13336:11)\n' +
        '    at commitPas
siveMountOnFiber (C:\\Use
rs\\evang\\OneDrive\\Bure
au\\Projets\\KodaFlow\\ko
daflow-app\\node_modules\
\react-dom\\cjs\\react-do
m-client.development.js:1
5484:13)\n' +
        '    at recursive
lyTraversePassiveMountEff
ects (C:\\Users\\evang\\O
neDrive\\Bureau\\Projets\
\KodaFlow\\kodaflow-app\\
node_modules\\react-dom\\
cjs\\react-dom-client.dev
elopment.js:15439:11)\n' 
+
        '    at commitPas
siveMountOnFiber (C:\\Use
rs\\evang\\OneDrive\\Bure
au\\Projets\\KodaFlow\\ko
daflow-app\\node_modules\
\react-dom\\cjs\\react-do
m-client.development.js:1
5718:11)\n' +
        '    at recursive
lyTraversePassiveMountEff
ects (C:\\Users\\evang\\O
neDrive\\Bureau\\Projets\
\KodaFlow\\kodaflow-app\\
node_modules\\react-dom\\
cjs\\react-dom-client.dev
elopment.js:15439:11)',
      message: 
'IntersectionObserver is 
not defined',
      constructor: 'Funct
ion<ReferenceError>',
      name: 
'ReferenceError',
      toString: 
'Function<toString>'
    },
    {
      stack: 
'ReferenceError: 
IntersectionObserver is 
not defined\n' +
        '    at inView (f
ile:///C:/Users/evang/One
Drive/Bureau/Projets/Koda
Flow/kodaflow-app/node_mo
dules/framer-motion/dist/
es/render/dom/viewport/in
dex.mjs:34:22)\n' +
        '    at file:///C
:/Users/evang/OneDrive/Bu
reau/Projets/KodaFlow/kod
aflow-app/node_modules/fr
amer-motion/dist/es/utils
/use-in-view.mjs:19:16\n'
 +
        '    at Object.re
act_stack_bottom_frame (C
:\\Users\\evang\\OneDrive
\\Bureau\\Projets\\KodaFl
ow\\kodaflow-app\\node_mo
dules\\react-dom\\cjs\\re
act-dom-client.developmen
t.js:25989:20)\n' +
        '    at 
runWithFiberInDEV (C:\\Us
ers\\evang\\OneDrive\\Bur
eau\\Projets\\KodaFlow\\k
odaflow-app\\node_modules
\\react-dom\\cjs\\react-d
om-client.development.js:
874:13)\n' +
        '    at commitHoo
kEffectListMount (C:\\Use
rs\\evang\\OneDrive\\Bure
au\\Projets\\KodaFlow\\ko
daflow-app\\node_modules\
\react-dom\\cjs\\react-do
m-client.development.js:1
3249:29)\n' +
        '    at commitHoo
kPassiveMountEffects (C:\
\Users\\evang\\OneDrive\\
Bureau\\Projets\\KodaFlow
\\kodaflow-app\\node_modu
les\\react-dom\\cjs\\reac
t-dom-client.development.
js:13336:11)\n' +
        '    at commitPas
siveMountOnFiber (C:\\Use
rs\\evang\\OneDrive\\Bure
au\\Projets\\KodaFlow\\ko
daflow-app\\node_modules\
\react-dom\\cjs\\react-do
m-client.development.js:1
5484:13)\n' +
        '    at recursive
lyTraversePassiveMountEff
ects (C:\\Users\\evang\\O
neDrive\\Bureau\\Projets\
\KodaFlow\\kodaflow-app\\
node_modules\\react-dom\\
cjs\\react-dom-client.dev
elopment.js:15439:11)\n' 
+
        '    at commitPas
siveMountOnFiber (C:\\Use
rs\\evang\\OneDrive\\Bure
au\\Projets\\KodaFlow\\ko
daflow-app\\node_modules\
\react-dom\\cjs\\react-do
m-client.development.js:1
5718:11)\n' +
        '    at recursive
lyTraversePassiveMountEff
ects (C:\\Users\\evang\\O
neDrive\\Bureau\\Projets\
\KodaFlow\\kodaflow-app\\
node_modules\\react-dom\\
cjs\\react-dom-client.dev
elopment.js:15439:11)',
      message: 
'IntersectionObserver is 
not defined',
      constructor: 'Funct
ion<ReferenceError>',
      name: 
'ReferenceError',
      toString: 
'Function<toString>'
    },
    {
      stack: 
'ReferenceError: 
IntersectionObserver is 
not defined\n' +
        '    at inView (f
ile:///C:/Users/evang/One
Drive/Bureau/Projets/Koda
Flow/kodaflow-app/node_mo
dules/framer-motion/dist/
es/render/dom/viewport/in
dex.mjs:34:22)\n' +
        '    at file:///C
:/Users/evang/OneDrive/Bu
reau/Projets/KodaFlow/kod
aflow-app/node_modules/fr
amer-motion/dist/es/utils
/use-in-view.mjs:19:16\n'
 +
        '    at Object.re
act_stack_bottom_frame (C
:\\Users\\evang\\OneDrive
\\Bureau\\Projets\\KodaFl
ow\\kodaflow-app\\node_mo
dules\\react-dom\\cjs\\re
act-dom-client.developmen
t.js:25989:20)\n' +
        '    at 
runWithFiberInDEV (C:\\Us
ers\\evang\\OneDrive\\Bur
eau\\Projets\\KodaFlow\\k
odaflow-app\\node_modules
\\react-dom\\cjs\\react-d
om-client.development.js:
874:13)\n' +
        '    at commitHoo
kEffectListMount (C:\\Use
rs\\evang\\OneDrive\\Bure
au\\Projets\\KodaFlow\\ko
daflow-app\\node_modules\
\react-dom\\cjs\\react-do
m-client.development.js:1
3249:29)\n' +
        '    at commitHoo
kPassiveMountEffects (C:\
\Users\\evang\\OneDrive\\
Bureau\\Projets\\KodaFlow
\\kodaflow-app\\node_modu
les\\react-dom\\cjs\\reac
t-dom-client.development.
js:13336:11)\n' +
        '    at commitPas
siveMountOnFiber (C:\\Use
rs\\evang\\OneDrive\\Bure
au\\Projets\\KodaFlow\\ko
daflow-app\\node_modules\
\react-dom\\cjs\\react-do
m-client.development.js:1
5484:13)\n' +
        '    at recursive
lyTraversePassiveMountEff
ects (C:\\Users\\evang\\O
neDrive\\Bureau\\Projets\
\KodaFlow\\kodaflow-app\\
node_modules\\react-dom\\
cjs\\react-dom-client.dev
elopment.js:15439:11)\n' 
+
        '    at commitPas
siveMountOnFiber (C:\\Use
rs\\evang\\OneDrive\\Bure
au\\Projets\\KodaFlow\\ko
daflow-app\\node_modules\
\react-dom\\cjs\\react-do
m-client.development.js:1
5718:11)\n' +
        '    at recursive
lyTraversePassiveMountEff
ects (C:\\Users\\evang\\O
neDrive\\Bureau\\Projets\
\KodaFlow\\kodaflow-app\\
node_modules\\react-dom\\
cjs\\react-dom-client.dev
elopment.js:15439:11)',
      message: 
'IntersectionObserver is 
not defined',
      constructor: 'Funct
ion<ReferenceError>',
      name: 
'ReferenceError',
      toString: 
'Function<toString>'
    },
    {
      stack: 
'ReferenceError: 
IntersectionObserver is 
not defined\n' +
        '    at inView (f
ile:///C:/Users/evang/One
Drive/Bureau/Projets/Koda
Flow/kodaflow-app/node_mo
dules/framer-motion/dist/
es/render/dom/viewport/in
dex.mjs:34:22)\n' +
        '    at file:///C
:/Users/evang/OneDrive/Bu
reau/Projets/KodaFlow/kod
aflow-app/node_modules/fr
amer-motion/dist/es/utils
/use-in-view.mjs:19:16\n'
 +
        '    at Object.re
act_stack_bottom_frame (C
:\\Users\\evang\\OneDrive
\\Bureau\\Projets\\KodaFl
ow\\kodaflow-app\\node_mo
dules\\react-dom\\cjs\\re
act-dom-client.developmen
t.js:25989:20)\n' +
        '    at 
runWithFiberInDEV (C:\\Us
ers\\evang\\OneDrive\\Bur
eau\\Projets\\KodaFlow\\k
odaflow-app\\node_modules
\\react-dom\\cjs\\react-d
om-client.development.js:
874:13)\n' +
        '    at commitHoo
kEffectListMount (C:\\Use
rs\\evang\\OneDrive\\Bure
au\\Projets\\KodaFlow\\ko
daflow-app\\node_modules\
\react-dom\\cjs\\react-do
m-client.development.js:1
3249:29)\n' +
        '    at commitHoo
kPassiveMountEffects (C:\
\Users\\evang\\OneDrive\\
Bureau\\Projets\\KodaFlow
\\kodaflow-app\\node_modu
les\\react-dom\\cjs\\reac
t-dom-client.development.
js:13336:11)\n' +
        '    at commitPas
siveMountOnFiber (C:\\Use
rs\\evang\\OneDrive\\Bure
au\\Projets\\KodaFlow\\ko
daflow-app\\node_modules\
\react-dom\\cjs\\react-do
m-client.development.js:1
5484:13)\n' +
        '    at recursive
lyTraversePassiveMountEff
ects (C:\\Users\\evang\\O
neDrive\\Bureau\\Projets\
\KodaFlow\\kodaflow-app\\
node_modules\\react-dom\\
cjs\\react-dom-client.dev
elopment.js:15439:11)\n' 
+
        '    at commitPas
siveMountOnFiber (C:\\Use
rs\\evang\\OneDrive\\Bure
au\\Projets\\KodaFlow\\ko
daflow-app\\node_modules\
\react-dom\\cjs\\react-do
m-client.development.js:1
5718:11)\n' +
        '    at recursive
lyTraversePassiveMountEff
ects (C:\\Users\\evang\\O
neDrive\\Bureau\\Projets\
\KodaFlow\\kodaflow-app\\
node_modules\\react-dom\\
cjs\\react-dom-client.dev
elopment.js:15439:11)',
      message: 
'IntersectionObserver is 
not defined',
      constructor: 'Funct
ion<ReferenceError>',
      name: 
'ReferenceError',
      toString: 
'Function<toString>'
    },
    {
      stack: 
'ReferenceError: 
IntersectionObserver is 
not defined\n' +
        '    at inView (f
ile:///C:/Users/evang/One
Drive/Bureau/Projets/Koda
Flow/kodaflow-app/node_mo
dules/framer-motion/dist/
es/render/dom/viewport/in
dex.mjs:34:22)\n' +
        '    at file:///C
:/Users/evang/OneDrive/Bu
reau/Projets/KodaFlow/kod
aflow-app/node_modules/fr
amer-motion/dist/es/utils
/use-in-view.mjs:19:16\n'
 +
        '    at Object.re
act_stack_bottom_frame (C
:\\Users\\evang\\OneDrive
\\Bureau\\Projets\\KodaFl
ow\\kodaflow-app\\node_mo
dules\\react-dom\\cjs\\re
act-dom-client.developmen
t.js:25989:20)\n' +
        '    at 
runWithFiberInDEV (C:\\Us
ers\\evang\\OneDrive\\Bur
eau\\Projets\\KodaFlow\\k
odaflow-app\\node_modules
\\react-dom\\cjs\\react-d
om-client.development.js:
874:13)\n' +
        '    at commitHoo
kEffectListMount (C:\\Use
rs\\evang\\OneDrive\\Bure
au\\Projets\\KodaFlow\\ko
daflow-app\\node_modules\
\react-dom\\cjs\\react-do
m-client.development.js:1
3249:29)\n' +
        '    at commitHoo
kPassiveMountEffects (C:\
\Users\\evang\\OneDrive\\
Bureau\\Projets\\KodaFlow
\\kodaflow-app\\node_modu
les\\react-dom\\cjs\\reac
t-dom-client.development.
js:13336:11)\n' +
        '    at commitPas
siveMountOnFiber (C:\\Use
rs\\evang\\OneDrive\\Bure
au\\Projets\\KodaFlow\\ko
daflow-app\\node_modules\
\react-dom\\cjs\\react-do
m-client.development.js:1
5484:13)\n' +
        '    at recursive
lyTraversePassiveMountEff
ects (C:\\Users\\evang\\O
neDrive\\Bureau\\Projets\
\KodaFlow\\kodaflow-app\\
node_modules\\react-dom\\
cjs\\react-dom-client.dev
elopment.js:15439:11)\n' 
+
        '    at commitPas
siveMountOnFiber (C:\\Use
rs\\evang\\OneDrive\\Bure
au\\Projets\\KodaFlow\\ko
daflow-app\\node_modules\
\react-dom\\cjs\\react-do
m-client.development.js:1
5718:11)\n' +
        '    at recursive
lyTraversePassiveMountEff
ects (C:\\Users\\evang\\O
neDrive\\Bureau\\Projets\
\KodaFlow\\kodaflow-app\\
node_modules\\react-dom\\
cjs\\react-dom-client.dev
elopment.js:15439:11)',
      message: 
'IntersectionObserver is 
not defined',
      constructor: 'Funct
ion<ReferenceError>',
      name: 
'ReferenceError',
      toString: 
'Function<toString>'
    }
  ],
  constructor: 'Function<
AggregateError>',
  name: 'AggregateError',
  message: '',
  toString: 
'Function<toString>',
  stacks: [
    {
      method: 
'aggregateErrors',
      file: 'C:/Users/eva
ng/OneDrive/Bureau/Projet
s/KodaFlow/kodaflow-app/n
ode_modules/react/cjs/rea
ct.development.js',
      line: 551,
      column: 11
    },
    {
      method: 'process.en
v.NODE_ENV.exports.act',
      file: 'C:/Users/eva
ng/OneDrive/Bureau/Projet
s/KodaFlow/kodaflow-app/n
ode_modules/react/cjs/rea
ct.development.js',
      line: 897,
      column: 24
    },
    {
      method: '',
      file: 'C:/Users/eva
ng/OneDrive/Bureau/Projet
s/KodaFlow/kodaflow-app/n
ode_modules/@testing-libr
ary/react/dist/act-compat
.js',

[2m Test Files [22m [1m[31m1 failed[39m[22m[90m (1)[39m
[2m      Tests [22m [1m[31m1 failed[39m[22m[90m (1)[39m
[2m   Start at [22m 18:01:03
[2m   Duration [22m 5.81s[2m (transform 398ms, setup 875ms, import 1.30s, tests 490ms, environment 2.28s)[22m

      line: 46,
      column: 25
    },
    {
      method: 
'renderRoot',
      file: 'C:/Users/eva
ng/OneDrive/Bureau/Projet
s/KodaFlow/kodaflow-app/n
ode_modules/@testing-libr
ary/react/dist/pure.js',
      line: 189,
      column: 26
    },
    {
      method: 'render',
      file: 'C:/Users/eva
ng/OneDrive/Bureau/Projet
s/KodaFlow/kodaflow-app/n
ode_modules/@testing-libr
ary/react/dist/pure.js',
      line: 291,
      column: 10
    },
    {
      method: '',
      file: 'C:/Users/eva
ng/OneDrive/Bureau/Projet
s/KodaFlow/kodaflow-app/s
rc/app/page.test.tsx',
      line: 7,
      column: 3
    }
  ]
}
[90m [2mÔØ»[22m 
aggregateErrors node_modu
les/react/cjs/react.devel
opment.js:[2m551:11[22m
[39m
[90m [2mÔØ»[22m proces
s.env.NODE_ENV.exports.ac
t node_modules/react/cjs/
react.development.js:[2m
897:24[22m[39m
[90m [2mÔØ»[22m node_m
odules/@testing-library/r
eact/dist/act-compat.js:
[2m46:25[22m[39m
[90m [2mÔØ»[22m 
renderRoot node_modules/@
testing-library/react/dis
t/pure.js:[2m189:26[22m
[39m
[90m [2mÔØ»[22m 
render node_modules/@test
ing-library/react/dist/pu
re.js:[2m291:10[22m[39
m
[36m [2mÔØ»[22m src/ap
p/page.test.tsx:[2m7:3[
22m[39m
    [90m  5| [39m[34md
escribe[39m([32m'Page'
[39m[33m,[39m () 
[33m=>[39m {
    [90m  6| [39m [34m
it[39m([32m'renders 
heading'[39m[33m,[39m 
() [33m=>[39m {
    [90m  7| [39m  [34
mrender[39m([33m<[39m
[33mPage[39m 
[33m/[39m[33m>[39m)
    [90m   | [39m  
[31m^[39m
    [90m  8| [39m  
[35mconst[39m heading 
[33m=[39m screen[33m.
[39m[34mgetByRole[39m(
[32m'heading'[39m[33m,
[39m { level[33m:[39m 
[34m1[39m })
    [90m  9| [39m  [34
mexpect[39m(heading)[33
m.[39m[34mtoBeDefined[
39m()

[31m[2mÔÄ»ÔÄ»ÔÄ»ÔÄ»ÔÄ»Ô
Ä»ÔÄ»ÔÄ»ÔÄ»ÔÄ»ÔÄ»ÔÄ»ÔÄ»ÔÄ
»ÔÄ»ÔÄ»ÔÄ»ÔÄ»ÔÄ»ÔÄ»ÔÄ»ÔÄ»
ÔÄ»ÔÄ»[1/1]ÔÄ»[22m[39m

