src/lib/actions/quote-signature.ts(61,26): error TS2339: Property 'name' does not exist on type '{ id: string; createdAt: Date; updatedAt: Date; organizationId: string; email: string | null; firstName: string | null; lastName: string | null; phone: string | null; avatarUrl: string | null; ... 6 more ...; source: string | null; }'.
src/lib/actions/quote-signature.ts(63,33): error TS2339: Property 'companyName' does not exist on type '{ id: string; createdAt: Date; updatedAt: Date; organizationId: string; email: string | null; firstName: string | null; lastName: string | null; phone: string | null; avatarUrl: string | null; ... 6 more ...; source: string | null; }'.
src/lib/actions/stripe.ts(66,28): error TS2339: Property 'name' does not exist on type '{ id: string; createdAt: Date; updatedAt: Date; organizationId: string; email: string | null; firstName: string | null; lastName: string | null; phone: string | null; avatarUrl: string | null; ... 6 more ...; source: string | null; }'.
src/lib/actions/stripe.ts(68,35): error TS2339: Property 'companyName' does not exist on type '{ id: string; createdAt: Date; updatedAt: Date; organizationId: string; email: string | null; firstName: string | null; lastName: string | null; phone: string | null; avatarUrl: string | null; ... 6 more ...; source: string | null; }'.
src/lib/actions/stripe.ts(121,50): error TS2769: No overload matches this call.
  Overload 1 of 2, '(params?: SessionCreateParams | undefined, options?: RequestOptions | undefined): Promise<Response<Session>>', gave the following error.
    Type 'number | null' is not assignable to type 'number | undefined'.
      Type 'null' is not assignable to type 'number | undefined'.
  Overload 2 of 2, '(options?: RequestOptions | undefined): Promise<Response<Session>>', gave the following error.
    Object literal may only specify known properties, and 'payment_method_types' does not exist in type 'RequestOptions'.
src/lib/actions/stripe.ts(170,37): error TS2769: No overload matches this call.
  Overload 1 of 2, '(value: { organizationId: string | SQL<unknown> | Placeholder<string, any>; amount: number | SQL<unknown> | Placeholder<string, any>; method: string | SQL<unknown> | Placeholder<...>; ... 9 more ...; stripeChargeId?: string | ... 3 more ... | undefined; }): PgInsertBase<...>', gave the following error.
    Type 'number | null' is not assignable to type 'number | SQL<unknown> | Placeholder<string, any>'.
      Type 'null' is not assignable to type 'number | SQL<unknown> | Placeholder<string, any>'.
  Overload 2 of 2, '(values: { organizationId: string | SQL<unknown> | Placeholder<string, any>; amount: number | SQL<unknown> | Placeholder<string, any>; method: string | SQL<unknown> | Placeholder<...>; ... 9 more ...; stripeChargeId?: string | ... 3 more ... | undefined; }[]): PgInsertBase<...>', gave the following error.
    Object literal may only specify known properties, and 'organizationId' does not exist in type '{ organizationId: string | SQL<unknown> | Placeholder<string, any>; amount: number | SQL<unknown> | Placeholder<string, any>; method: string | SQL<unknown> | Placeholder<...>; ... 9 more ...; stripeChargeId?: string | ... 3 more ... | undefined; }[]'.
src/lib/gmail.ts(151,5): error TS2322: Type 'string | null | undefined' is not assignable to type 'string'.
  Type 'undefined' is not assignable to type 'string'.
